fitted slope-only:      HP_Peak = 29.9 + 51.7*slope
delta calib (intercept):HP_Peak = 36.0 + 2.38*delta
delta calib (origin):   HP_Peak = 2.70*delta   (diversity factor)

set                method                      n   MAPE%      R2  real kW
--------------------------------------------------------------------------
Swiss test         raw delta                1080    60.2  -0.013         
Swiss test         delta calib (intercept)  1080    48.1   0.896         
Swiss test         delta calib (origin)     1080    22.4   0.896         
Swiss test         fitted slope-only        1080    42.3   0.910         

synthetic WPUQ     raw delta                 400    64.0  -0.267         
synthetic WPUQ     delta calib (intercept)   400   158.6  -0.302         
synthetic WPUQ     delta calib (origin)      400    22.2   0.909         
synthetic WPUQ     fitted slope-only         400   142.6  -0.196         

real WPUQ feeder   raw delta                   1    69.8      --       72
real WPUQ feeder   delta calib (intercept)     1    13.0      --      208
real WPUQ feeder   delta calib (origin)        1    18.4      --      195
real WPUQ feeder   fitted slope-only           1     1.3      --      235

[redirect] write data/hockey_delta_calibrated.csv -> results/iter00_baseline_quick/reproduced/hockey_delta_calibrated.csv
[redirect] write models/hockey_delta_calibration.json -> results/iter00_baseline_quick/models/hockey_delta_calibration.json
Saved -> data/hockey_delta_calibrated.csv, models/hockey_delta_calibration.json
