Swiss: train 1080 / test 1080 | 274 features | WPUQ transfer: 400 substations
REAL WPUQ feeder: 37 houses | TRUE installed HP capacity 238.5 kW

[LinearReg ]   0.2s  test R2=0.846  WPUQ R2=-7.407  real= 969.9 kW  best={}
C:\Users\VENANCIA\OneDrive - VITO\Desktop\hp-capacity-detection\.venv\Lib\site-packages\sklearn\linear_model\_coordinate_descent.py:678: ConvergenceWarning: Objective did not converge. You might want to increase the number of iterations, check the scale of the features or consider increasing regularisation. Duality gap: 1.877e+05, tolerance: 2.056e+03
  model = cd_fast.enet_coordinate_descent(
C:\Users\VENANCIA\OneDrive - VITO\Desktop\hp-capacity-detection\.venv\Lib\site-packages\sklearn\linear_model\_coordinate_descent.py:678: ConvergenceWarning: Objective did not converge. You might want to increase the number of iterations, check the scale of the features or consider increasing regularisation. Duality gap: 1.671e+05, tolerance: 2.167e+03
  model = cd_fast.enet_coordinate_descent(
C:\Users\VENANCIA\OneDrive - VITO\Desktop\hp-capacity-detection\.venv\Lib\site-packages\sklearn\linear_model\_coordinate_descent.py:678: ConvergenceWarning: Objective did not converge. You might want to increase the number of iterations, check the scale of the features or consider increasing regularisation. Duality gap: 1.441e+05, tolerance: 2.134e+03
  model = cd_fast.enet_coordinate_descent(
C:\Users\VENANCIA\OneDrive - VITO\Desktop\hp-capacity-detection\.venv\Lib\site-packages\sklearn\linear_model\_coordinate_descent.py:678: ConvergenceWarning: Objective did not converge. You might want to increase the number of iterations, check the scale of the features or consider increasing regularisation. Duality gap: 1.300e+05, tolerance: 2.009e+03
  model = cd_fast.enet_coordinate_descent(
C:\Users\VENANCIA\OneDrive - VITO\Desktop\hp-capacity-detection\.venv\Lib\site-packages\sklearn\linear_model\_coordinate_descent.py:678: ConvergenceWarning: Objective did not converge. You might want to increase the number of iterations, check the scale of the features or consider increasing regularisation. Duality gap: 1.635e+05, tolerance: 2.048e+03
  model = cd_fast.enet_coordinate_descent(
C:\Users\VENANCIA\OneDrive - VITO\Desktop\hp-capacity-detection\.venv\Lib\site-packages\sklearn\linear_model\_coordinate_descent.py:678: ConvergenceWarning: Objective did not converge. You might want to increase the number of iterations, check the scale of the features or consider increasing regularisation. Duality gap: 1.393e+05, tolerance: 2.056e+03
  model = cd_fast.enet_coordinate_descent(
C:\Users\VENANCIA\OneDrive - VITO\Desktop\hp-capacity-detection\.venv\Lib\site-packages\sklearn\linear_model\_coordinate_descent.py:678: ConvergenceWarning: Objective did not converge. You might want to increase the number of iterations, check the scale of the features or consider increasing regularisation. Duality gap: 1.162e+05, tolerance: 2.167e+03
  model = cd_fast.enet_coordinate_descent(
C:\Users\VENANCIA\OneDrive - VITO\Desktop\hp-capacity-detection\.venv\Lib\site-packages\sklearn\linear_model\_coordinate_descent.py:678: ConvergenceWarning: Objective did not converge. You might want to increase the number of iterations, check the scale of the features or consider increasing regularisation. Duality gap: 8.077e+04, tolerance: 2.134e+03
  model = cd_fast.enet_coordinate_descent(
C:\Users\VENANCIA\OneDrive - VITO\Desktop\hp-capacity-detection\.venv\Lib\site-packages\sklearn\linear_model\_coordinate_descent.py:678: ConvergenceWarning: Objective did not converge. You might want to increase the number of iterations, check the scale of the features or consider increasing regularisation. Duality gap: 5.829e+04, tolerance: 2.056e+03
  model = cd_fast.enet_coordinate_descent(
C:\Users\VENANCIA\OneDrive - VITO\Desktop\hp-capacity-detection\.venv\Lib\site-packages\sklearn\linear_model\_coordinate_descent.py:678: ConvergenceWarning: Objective did not converge. You might want to increase the number of iterations, check the scale of the features or consider increasing regularisation. Duality gap: 1.361e+05, tolerance: 2.048e+03
  model = cd_fast.enet_coordinate_descent(
C:\Users\VENANCIA\OneDrive - VITO\Desktop\hp-capacity-detection\.venv\Lib\site-packages\sklearn\linear_model\_coordinate_descent.py:678: ConvergenceWarning: Objective did not converge. You might want to increase the number of iterations, check the scale of the features or consider increasing regularisation. Duality gap: 7.938e+04, tolerance: 2.167e+03
  model = cd_fast.enet_coordinate_descent(
C:\Users\VENANCIA\OneDrive - VITO\Desktop\hp-capacity-detection\.venv\Lib\site-packages\sklearn\linear_model\_coordinate_descent.py:678: ConvergenceWarning: Objective did not converge. You might want to increase the number of iterations, check the scale of the features or consider increasing regularisation. Duality gap: 5.903e+04, tolerance: 2.134e+03
  model = cd_fast.enet_coordinate_descent(
C:\Users\VENANCIA\OneDrive - VITO\Desktop\hp-capacity-detection\.venv\Lib\site-packages\sklearn\linear_model\_coordinate_descent.py:678: ConvergenceWarning: Objective did not converge. You might want to increase the number of iterations, check the scale of the features or consider increasing regularisation. Duality gap: 7.998e+04, tolerance: 2.009e+03
  model = cd_fast.enet_coordinate_descent(
C:\Users\VENANCIA\OneDrive - VITO\Desktop\hp-capacity-detection\.venv\Lib\site-packages\sklearn\linear_model\_coordinate_descent.py:678: ConvergenceWarning: Objective did not converge. You might want to increase the number of iterations, check the scale of the features or consider increasing regularisation. Duality gap: 8.576e+03, tolerance: 2.134e+03
  model = cd_fast.enet_coordinate_descent(
C:\Users\VENANCIA\OneDrive - VITO\Desktop\hp-capacity-detection\.venv\Lib\site-packages\sklearn\linear_model\_coordinate_descent.py:678: ConvergenceWarning: Objective did not converge. You might want to increase the number of iterations, check the scale of the features or consider increasing regularisation. Duality gap: 9.841e+04, tolerance: 2.048e+03
  model = cd_fast.enet_coordinate_descent(
C:\Users\VENANCIA\OneDrive - VITO\Desktop\hp-capacity-detection\.venv\Lib\site-packages\sklearn\linear_model\_coordinate_descent.py:678: ConvergenceWarning: Objective did not converge. You might want to increase the number of iterations, check the scale of the features or consider increasing regularisation. Duality gap: 1.174e+04, tolerance: 2.056e+03
  model = cd_fast.enet_coordinate_descent(
C:\Users\VENANCIA\OneDrive - VITO\Desktop\hp-capacity-detection\.venv\Lib\site-packages\sklearn\linear_model\_coordinate_descent.py:678: ConvergenceWarning: Objective did not converge. You might want to increase the number of iterations, check the scale of the features or consider increasing regularisation. Duality gap: 2.474e+04, tolerance: 2.167e+03
  model = cd_fast.enet_coordinate_descent(
C:\Users\VENANCIA\OneDrive - VITO\Desktop\hp-capacity-detection\.venv\Lib\site-packages\sklearn\linear_model\_coordinate_descent.py:678: ConvergenceWarning: Objective did not converge. You might want to increase the number of iterations, check the scale of the features or consider increasing regularisation. Duality gap: 2.737e+04, tolerance: 2.048e+03
  model = cd_fast.enet_coordinate_descent(
C:\Users\VENANCIA\OneDrive - VITO\Desktop\hp-capacity-detection\.venv\Lib\site-packages\sklearn\linear_model\_coordinate_descent.py:678: ConvergenceWarning: Objective did not converge. You might want to increase the number of iterations, check the scale of the features or consider increasing regularisation. Duality gap: 2.301e+03, tolerance: 2.009e+03
  model = cd_fast.enet_coordinate_descent(
C:\Users\VENANCIA\OneDrive - VITO\Desktop\hp-capacity-detection\.venv\Lib\site-packages\sklearn\linear_model\_coordinate_descent.py:678: ConvergenceWarning: Objective did not converge. You might want to increase the number of iterations, check the scale of the features or consider increasing regularisation. Duality gap: 5.216e+04, tolerance: 2.009e+03
  model = cd_fast.enet_coordinate_descent(
C:\Users\VENANCIA\OneDrive - VITO\Desktop\hp-capacity-detection\.venv\Lib\site-packages\sklearn\linear_model\_coordinate_descent.py:678: ConvergenceWarning: Objective did not converge. You might want to increase the number of iterations, check the scale of the features or consider increasing regularisation. Duality gap: 6.590e+03, tolerance: 2.009e+03
  model = cd_fast.enet_coordinate_descent(
C:\Users\VENANCIA\OneDrive - VITO\Desktop\hp-capacity-detection\.venv\Lib\site-packages\sklearn\linear_model\_coordinate_descent.py:678: ConvergenceWarning: Objective did not converge. You might want to increase the number of iterations, check the scale of the features or consider increasing regularisation. Duality gap: 2.656e+03, tolerance: 2.056e+03
  model = cd_fast.enet_coordinate_descent(
[Lasso     ]  19.8s  test R2=0.864  WPUQ R2=-8.768  real= 649.2 kW  best={'alpha': 0.0207}
[Ridge     ]   0.6s  test R2=0.861  WPUQ R2=-6.904  real= 645.2 kW  best={'alpha': 0.8254}
C:\Users\VENANCIA\OneDrive - VITO\Desktop\hp-capacity-detection\.venv\Lib\site-packages\sklearn\linear_model\_coordinate_descent.py:678: ConvergenceWarning: Objective did not converge. You might want to increase the number of iterations, check the scale of the features or consider increasing regularisation. Duality gap: 2.226e+05, tolerance: 2.048e+03
  model = cd_fast.enet_coordinate_descent(
C:\Users\VENANCIA\OneDrive - VITO\Desktop\hp-capacity-detection\.venv\Lib\site-packages\sklearn\linear_model\_coordinate_descent.py:678: ConvergenceWarning: Objective did not converge. You might want to increase the number of iterations, check the scale of the features or consider increasing regularisation. Duality gap: 1.916e+05, tolerance: 2.056e+03
  model = cd_fast.enet_coordinate_descent(
C:\Users\VENANCIA\OneDrive - VITO\Desktop\hp-capacity-detection\.venv\Lib\site-packages\sklearn\linear_model\_coordinate_descent.py:678: ConvergenceWarning: Objective did not converge. You might want to increase the number of iterations, check the scale of the features or consider increasing regularisation. Duality gap: 2.240e+05, tolerance: 2.056e+03
  model = cd_fast.enet_coordinate_descent(
C:\Users\VENANCIA\OneDrive - VITO\Desktop\hp-capacity-detection\.venv\Lib\site-packages\sklearn\linear_model\_coordinate_descent.py:678: ConvergenceWarning: Objective did not converge. You might want to increase the number of iterations, check the scale of the features or consider increasing regularisation. Duality gap: 2.603e+05, tolerance: 2.134e+03
  model = cd_fast.enet_coordinate_descent(
C:\Users\VENANCIA\OneDrive - VITO\Desktop\hp-capacity-detection\.venv\Lib\site-packages\sklearn\linear_model\_coordinate_descent.py:678: ConvergenceWarning: Objective did not converge. You might want to increase the number of iterations, check the scale of the features or consider increasing regularisation. Duality gap: 2.536e+05, tolerance: 2.009e+03
  model = cd_fast.enet_coordinate_descent(
C:\Users\VENANCIA\OneDrive - VITO\Desktop\hp-capacity-detection\.venv\Lib\site-packages\sklearn\linear_model\_coordinate_descent.py:678: ConvergenceWarning: Objective did not converge. You might want to increase the number of iterations, check the scale of the features or consider increasing regularisation. Duality gap: 2.650e+05, tolerance: 2.048e+03
  model = cd_fast.enet_coordinate_descent(
C:\Users\VENANCIA\OneDrive - VITO\Desktop\hp-capacity-detection\.venv\Lib\site-packages\sklearn\linear_model\_coordinate_descent.py:678: ConvergenceWarning: Objective did not converge. You might want to increase the number of iterations, check the scale of the features or consider increasing regularisation. Duality gap: 1.879e+05, tolerance: 2.167e+03
  model = cd_fast.enet_coordinate_descent(
C:\Users\VENANCIA\OneDrive - VITO\Desktop\hp-capacity-detection\.venv\Lib\site-packages\sklearn\linear_model\_coordinate_descent.py:678: ConvergenceWarning: Objective did not converge. You might want to increase the number of iterations, check the scale of the features or consider increasing regularisation. Duality gap: 1.791e+05, tolerance: 2.009e+03
  model = cd_fast.enet_coordinate_descent(
C:\Users\VENANCIA\OneDrive - VITO\Desktop\hp-capacity-detection\.venv\Lib\site-packages\sklearn\linear_model\_coordinate_descent.py:678: ConvergenceWarning: Objective did not converge. You might want to increase the number of iterations, check the scale of the features or consider increasing regularisation. Duality gap: 1.453e+05, tolerance: 2.056e+03
  model = cd_fast.enet_coordinate_descent(
C:\Users\VENANCIA\OneDrive - VITO\Desktop\hp-capacity-detection\.venv\Lib\site-packages\sklearn\linear_model\_coordinate_descent.py:678: ConvergenceWarning: Objective did not converge. You might want to increase the number of iterations, check the scale of the features or consider increasing regularisation. Duality gap: 1.422e+05, tolerance: 2.048e+03
  model = cd_fast.enet_coordinate_descent(
C:\Users\VENANCIA\OneDrive - VITO\Desktop\hp-capacity-detection\.venv\Lib\site-packages\sklearn\linear_model\_coordinate_descent.py:678: ConvergenceWarning: Objective did not converge. You might want to increase the number of iterations, check the scale of the features or consider increasing regularisation. Duality gap: 1.671e+05, tolerance: 2.167e+03
  model = cd_fast.enet_coordinate_descent(
C:\Users\VENANCIA\OneDrive - VITO\Desktop\hp-capacity-detection\.venv\Lib\site-packages\sklearn\linear_model\_coordinate_descent.py:678: ConvergenceWarning: Objective did not converge. You might want to increase the number of iterations, check the scale of the features or consider increasing regularisation. Duality gap: 1.573e+05, tolerance: 2.134e+03
  model = cd_fast.enet_coordinate_descent(
C:\Users\VENANCIA\OneDrive - VITO\Desktop\hp-capacity-detection\.venv\Lib\site-packages\sklearn\linear_model\_coordinate_descent.py:678: ConvergenceWarning: Objective did not converge. You might want to increase the number of iterations, check the scale of the features or consider increasing regularisation. Duality gap: 2.228e+05, tolerance: 2.167e+03
  model = cd_fast.enet_coordinate_descent(
C:\Users\VENANCIA\OneDrive - VITO\Desktop\hp-capacity-detection\.venv\Lib\site-packages\sklearn\linear_model\_coordinate_descent.py:678: ConvergenceWarning: Objective did not converge. You might want to increase the number of iterations, check the scale of the features or consider increasing regularisation. Duality gap: 1.794e+05, tolerance: 2.167e+03
  model = cd_fast.enet_coordinate_descent(
C:\Users\VENANCIA\OneDrive - VITO\Desktop\hp-capacity-detection\.venv\Lib\site-packages\sklearn\linear_model\_coordinate_descent.py:678: ConvergenceWarning: Objective did not converge. You might want to increase the number of iterations, check the scale of the features or consider increasing regularisation. Duality gap: 2.006e+05, tolerance: 2.167e+03
  model = cd_fast.enet_coordinate_descent(
C:\Users\VENANCIA\OneDrive - VITO\Desktop\hp-capacity-detection\.venv\Lib\site-packages\sklearn\linear_model\_coordinate_descent.py:678: ConvergenceWarning: Objective did not converge. You might want to increase the number of iterations, check the scale of the features or consider increasing regularisation. Duality gap: 1.786e+05, tolerance: 2.134e+03
  model = cd_fast.enet_coordinate_descent(
C:\Users\VENANCIA\OneDrive - VITO\Desktop\hp-capacity-detection\.venv\Lib\site-packages\sklearn\linear_model\_coordinate_descent.py:678: ConvergenceWarning: Objective did not converge. You might want to increase the number of iterations, check the scale of the features or consider increasing regularisation. Duality gap: 2.095e+05, tolerance: 2.056e+03
  model = cd_fast.enet_coordinate_descent(
C:\Users\VENANCIA\OneDrive - VITO\Desktop\hp-capacity-detection\.venv\Lib\site-packages\sklearn\linear_model\_coordinate_descent.py:678: ConvergenceWarning: Objective did not converge. You might want to increase the number of iterations, check the scale of the features or consider increasing regularisation. Duality gap: 1.547e+05, tolerance: 2.134e+03
  model = cd_fast.enet_coordinate_descent(
C:\Users\VENANCIA\OneDrive - VITO\Desktop\hp-capacity-detection\.venv\Lib\site-packages\sklearn\linear_model\_coordinate_descent.py:678: ConvergenceWarning: Objective did not converge. You might want to increase the number of iterations, check the scale of the features or consider increasing regularisation. Duality gap: 1.983e+05, tolerance: 2.048e+03
  model = cd_fast.enet_coordinate_descent(
C:\Users\VENANCIA\OneDrive - VITO\Desktop\hp-capacity-detection\.venv\Lib\site-packages\sklearn\linear_model\_coordinate_descent.py:678: ConvergenceWarning: Objective did not converge. You might want to increase the number of iterations, check the scale of the features or consider increasing regularisation. Duality gap: 1.362e+05, tolerance: 2.009e+03
  model = cd_fast.enet_coordinate_descent(
C:\Users\VENANCIA\OneDrive - VITO\Desktop\hp-capacity-detection\.venv\Lib\site-packages\sklearn\linear_model\_coordinate_descent.py:678: ConvergenceWarning: Objective did not converge. You might want to increase the number of iterations, check the scale of the features or consider increasing regularisation. Duality gap: 2.741e+05, tolerance: 2.167e+03
  model = cd_fast.enet_coordinate_descent(
C:\Users\VENANCIA\OneDrive - VITO\Desktop\hp-capacity-detection\.venv\Lib\site-packages\sklearn\linear_model\_coordinate_descent.py:678: ConvergenceWarning: Objective did not converge. You might want to increase the number of iterations, check the scale of the features or consider increasing regularisation. Duality gap: 1.673e+05, tolerance: 2.048e+03
  model = cd_fast.enet_coordinate_descent(
C:\Users\VENANCIA\OneDrive - VITO\Desktop\hp-capacity-detection\.venv\Lib\site-packages\sklearn\linear_model\_coordinate_descent.py:678: ConvergenceWarning: Objective did not converge. You might want to increase the number of iterations, check the scale of the features or consider increasing regularisation. Duality gap: 1.745e+05, tolerance: 2.056e+03
  model = cd_fast.enet_coordinate_descent(
C:\Users\VENANCIA\OneDrive - VITO\Desktop\hp-capacity-detection\.venv\Lib\site-packages\sklearn\linear_model\_coordinate_descent.py:678: ConvergenceWarning: Objective did not converge. You might want to increase the number of iterations, check the scale of the features or consider increasing regularisation. Duality gap: 2.171e+05, tolerance: 2.009e+03
  model = cd_fast.enet_coordinate_descent(
C:\Users\VENANCIA\OneDrive - VITO\Desktop\hp-capacity-detection\.venv\Lib\site-packages\sklearn\linear_model\_coordinate_descent.py:678: ConvergenceWarning: Objective did not converge. You might want to increase the number of iterations, check the scale of the features or consider increasing regularisation. Duality gap: 1.757e+05, tolerance: 2.134e+03
  model = cd_fast.enet_coordinate_descent(
C:\Users\VENANCIA\OneDrive - VITO\Desktop\hp-capacity-detection\.venv\Lib\site-packages\sklearn\linear_model\_coordinate_descent.py:678: ConvergenceWarning: Objective did not converge. You might want to increase the number of iterations, check the scale of the features or consider increasing regularisation. Duality gap: 2.219e+05, tolerance: 2.134e+03
  model = cd_fast.enet_coordinate_descent(
C:\Users\VENANCIA\OneDrive - VITO\Desktop\hp-capacity-detection\.venv\Lib\site-packages\sklearn\linear_model\_coordinate_descent.py:678: ConvergenceWarning: Objective did not converge. You might want to increase the number of iterations, check the scale of the features or consider increasing regularisation. Duality gap: 2.689e+05, tolerance: 2.056e+03
  model = cd_fast.enet_coordinate_descent(
C:\Users\VENANCIA\OneDrive - VITO\Desktop\hp-capacity-detection\.venv\Lib\site-packages\sklearn\linear_model\_coordinate_descent.py:678: ConvergenceWarning: Objective did not converge. You might want to increase the number of iterations, check the scale of the features or consider increasing regularisation. Duality gap: 1.759e+05, tolerance: 2.009e+03
  model = cd_fast.enet_coordinate_descent(
C:\Users\VENANCIA\OneDrive - VITO\Desktop\hp-capacity-detection\.venv\Lib\site-packages\sklearn\linear_model\_coordinate_descent.py:678: ConvergenceWarning: Objective did not converge. You might want to increase the number of iterations, check the scale of the features or consider increasing regularisation. Duality gap: 1.630e+05, tolerance: 2.048e+03
  model = cd_fast.enet_coordinate_descent(
C:\Users\VENANCIA\OneDrive - VITO\Desktop\hp-capacity-detection\.venv\Lib\site-packages\sklearn\linear_model\_coordinate_descent.py:678: ConvergenceWarning: Objective did not converge. You might want to increase the number of iterations, check the scale of the features or consider increasing regularisation. Duality gap: 1.340e+05, tolerance: 2.009e+03
  model = cd_fast.enet_coordinate_descent(
C:\Users\VENANCIA\OneDrive - VITO\Desktop\hp-capacity-detection\.venv\Lib\site-packages\sklearn\linear_model\_coordinate_descent.py:678: ConvergenceWarning: Objective did not converge. You might want to increase the number of iterations, check the scale of the features or consider increasing regularisation. Duality gap: 4.550e+04, tolerance: 2.134e+03
  model = cd_fast.enet_coordinate_descent(
C:\Users\VENANCIA\OneDrive - VITO\Desktop\hp-capacity-detection\.venv\Lib\site-packages\sklearn\linear_model\_coordinate_descent.py:678: ConvergenceWarning: Objective did not converge. You might want to increase the number of iterations, check the scale of the features or consider increasing regularisation. Duality gap: 5.419e+04, tolerance: 2.134e+03
  model = cd_fast.enet_coordinate_descent(
C:\Users\VENANCIA\OneDrive - VITO\Desktop\hp-capacity-detection\.venv\Lib\site-packages\sklearn\linear_model\_coordinate_descent.py:678: ConvergenceWarning: Objective did not converge. You might want to increase the number of iterations, check the scale of the features or consider increasing regularisation. Duality gap: 6.420e+04, tolerance: 2.009e+03
  model = cd_fast.enet_coordinate_descent(
C:\Users\VENANCIA\OneDrive - VITO\Desktop\hp-capacity-detection\.venv\Lib\site-packages\sklearn\linear_model\_coordinate_descent.py:678: ConvergenceWarning: Objective did not converge. You might want to increase the number of iterations, check the scale of the features or consider increasing regularisation. Duality gap: 5.555e+04, tolerance: 2.056e+03
  model = cd_fast.enet_coordinate_descent(
C:\Users\VENANCIA\OneDrive - VITO\Desktop\hp-capacity-detection\.venv\Lib\site-packages\sklearn\linear_model\_coordinate_descent.py:678: ConvergenceWarning: Objective did not converge. You might want to increase the number of iterations, check the scale of the features or consider increasing regularisation. Duality gap: 6.229e+04, tolerance: 2.056e+03
  model = cd_fast.enet_coordinate_descent(
C:\Users\VENANCIA\OneDrive - VITO\Desktop\hp-capacity-detection\.venv\Lib\site-packages\sklearn\linear_model\_coordinate_descent.py:678: ConvergenceWarning: Objective did not converge. You might want to increase the number of iterations, check the scale of the features or consider increasing regularisation. Duality gap: 8.688e+04, tolerance: 2.167e+03
  model = cd_fast.enet_coordinate_descent(
C:\Users\VENANCIA\OneDrive - VITO\Desktop\hp-capacity-detection\.venv\Lib\site-packages\sklearn\linear_model\_coordinate_descent.py:678: ConvergenceWarning: Objective did not converge. You might want to increase the number of iterations, check the scale of the features or consider increasing regularisation. Duality gap: 5.025e+04, tolerance: 2.134e+03
  model = cd_fast.enet_coordinate_descent(
C:\Users\VENANCIA\OneDrive - VITO\Desktop\hp-capacity-detection\.venv\Lib\site-packages\sklearn\linear_model\_coordinate_descent.py:678: ConvergenceWarning: Objective did not converge. You might want to increase the number of iterations, check the scale of the features or consider increasing regularisation. Duality gap: 6.435e+04, tolerance: 2.048e+03
  model = cd_fast.enet_coordinate_descent(
C:\Users\VENANCIA\OneDrive - VITO\Desktop\hp-capacity-detection\.venv\Lib\site-packages\sklearn\linear_model\_coordinate_descent.py:678: ConvergenceWarning: Objective did not converge. You might want to increase the number of iterations, check the scale of the features or consider increasing regularisation. Duality gap: 6.536e+04, tolerance: 2.048e+03
  model = cd_fast.enet_coordinate_descent(
C:\Users\VENANCIA\OneDrive - VITO\Desktop\hp-capacity-detection\.venv\Lib\site-packages\sklearn\linear_model\_coordinate_descent.py:678: ConvergenceWarning: Objective did not converge. You might want to increase the number of iterations, check the scale of the features or consider increasing regularisation. Duality gap: 9.620e+04, tolerance: 2.056e+03
  model = cd_fast.enet_coordinate_descent(
C:\Users\VENANCIA\OneDrive - VITO\Desktop\hp-capacity-detection\.venv\Lib\site-packages\sklearn\linear_model\_coordinate_descent.py:678: ConvergenceWarning: Objective did not converge. You might want to increase the number of iterations, check the scale of the features or consider increasing regularisation. Duality gap: 5.966e+04, tolerance: 2.167e+03
  model = cd_fast.enet_coordinate_descent(
C:\Users\VENANCIA\OneDrive - VITO\Desktop\hp-capacity-detection\.venv\Lib\site-packages\sklearn\linear_model\_coordinate_descent.py:678: ConvergenceWarning: Objective did not converge. You might want to increase the number of iterations, check the scale of the features or consider increasing regularisation. Duality gap: 7.041e+03, tolerance: 2.048e+03
  model = cd_fast.enet_coordinate_descent(
C:\Users\VENANCIA\OneDrive - VITO\Desktop\hp-capacity-detection\.venv\Lib\site-packages\sklearn\linear_model\_coordinate_descent.py:678: ConvergenceWarning: Objective did not converge. You might want to increase the number of iterations, check the scale of the features or consider increasing regularisation. Duality gap: 7.578e+04, tolerance: 2.056e+03
  model = cd_fast.enet_coordinate_descent(
C:\Users\VENANCIA\OneDrive - VITO\Desktop\hp-capacity-detection\.venv\Lib\site-packages\sklearn\linear_model\_coordinate_descent.py:678: ConvergenceWarning: Objective did not converge. You might want to increase the number of iterations, check the scale of the features or consider increasing regularisation. Duality gap: 6.023e+04, tolerance: 2.009e+03
  model = cd_fast.enet_coordinate_descent(
C:\Users\VENANCIA\OneDrive - VITO\Desktop\hp-capacity-detection\.venv\Lib\site-packages\sklearn\linear_model\_coordinate_descent.py:678: ConvergenceWarning: Objective did not converge. You might want to increase the number of iterations, check the scale of the features or consider increasing regularisation. Duality gap: 4.915e+04, tolerance: 2.009e+03
  model = cd_fast.enet_coordinate_descent(
C:\Users\VENANCIA\OneDrive - VITO\Desktop\hp-capacity-detection\.venv\Lib\site-packages\sklearn\linear_model\_coordinate_descent.py:678: ConvergenceWarning: Objective did not converge. You might want to increase the number of iterations, check the scale of the features or consider increasing regularisation. Duality gap: 6.709e+04, tolerance: 2.167e+03
  model = cd_fast.enet_coordinate_descent(
C:\Users\VENANCIA\OneDrive - VITO\Desktop\hp-capacity-detection\.venv\Lib\site-packages\sklearn\linear_model\_coordinate_descent.py:678: ConvergenceWarning: Objective did not converge. You might want to increase the number of iterations, check the scale of the features or consider increasing regularisation. Duality gap: 5.149e+04, tolerance: 2.009e+03
  model = cd_fast.enet_coordinate_descent(
C:\Users\VENANCIA\OneDrive - VITO\Desktop\hp-capacity-detection\.venv\Lib\site-packages\sklearn\linear_model\_coordinate_descent.py:678: ConvergenceWarning: Objective did not converge. You might want to increase the number of iterations, check the scale of the features or consider increasing regularisation. Duality gap: 7.736e+03, tolerance: 2.134e+03
  model = cd_fast.enet_coordinate_descent(
C:\Users\VENANCIA\OneDrive - VITO\Desktop\hp-capacity-detection\.venv\Lib\site-packages\sklearn\linear_model\_coordinate_descent.py:678: ConvergenceWarning: Objective did not converge. You might want to increase the number of iterations, check the scale of the features or consider increasing regularisation. Duality gap: 5.576e+04, tolerance: 2.048e+03
  model = cd_fast.enet_coordinate_descent(
C:\Users\VENANCIA\OneDrive - VITO\Desktop\hp-capacity-detection\.venv\Lib\site-packages\sklearn\linear_model\_coordinate_descent.py:678: ConvergenceWarning: Objective did not converge. You might want to increase the number of iterations, check the scale of the features or consider increasing regularisation. Duality gap: 4.592e+03, tolerance: 2.056e+03
  model = cd_fast.enet_coordinate_descent(
C:\Users\VENANCIA\OneDrive - VITO\Desktop\hp-capacity-detection\.venv\Lib\site-packages\sklearn\linear_model\_coordinate_descent.py:678: ConvergenceWarning: Objective did not converge. You might want to increase the number of iterations, check the scale of the features or consider increasing regularisation. Duality gap: 5.328e+03, tolerance: 2.167e+03
  model = cd_fast.enet_coordinate_descent(
C:\Users\VENANCIA\OneDrive - VITO\Desktop\hp-capacity-detection\.venv\Lib\site-packages\sklearn\linear_model\_coordinate_descent.py:678: ConvergenceWarning: Objective did not converge. You might want to increase the number of iterations, check the scale of the features or consider increasing regularisation. Duality gap: 8.262e+04, tolerance: 2.134e+03
  model = cd_fast.enet_coordinate_descent(
C:\Users\VENANCIA\OneDrive - VITO\Desktop\hp-capacity-detection\.venv\Lib\site-packages\sklearn\linear_model\_coordinate_descent.py:678: ConvergenceWarning: Objective did not converge. You might want to increase the number of iterations, check the scale of the features or consider increasing regularisation. Duality gap: 5.142e+04, tolerance: 2.048e+03
  model = cd_fast.enet_coordinate_descent(
C:\Users\VENANCIA\OneDrive - VITO\Desktop\hp-capacity-detection\.venv\Lib\site-packages\sklearn\linear_model\_coordinate_descent.py:678: ConvergenceWarning: Objective did not converge. You might want to increase the number of iterations, check the scale of the features or consider increasing regularisation. Duality gap: 9.303e+04, tolerance: 2.167e+03
  model = cd_fast.enet_coordinate_descent(
C:\Users\VENANCIA\OneDrive - VITO\Desktop\hp-capacity-detection\.venv\Lib\site-packages\sklearn\linear_model\_coordinate_descent.py:678: ConvergenceWarning: Objective did not converge. You might want to increase the number of iterations, check the scale of the features or consider increasing regularisation. Duality gap: 4.137e+03, tolerance: 2.167e+03
  model = cd_fast.enet_coordinate_descent(
C:\Users\VENANCIA\OneDrive - VITO\Desktop\hp-capacity-detection\.venv\Lib\site-packages\sklearn\linear_model\_coordinate_descent.py:678: ConvergenceWarning: Objective did not converge. You might want to increase the number of iterations, check the scale of the features or consider increasing regularisation. Duality gap: 4.560e+03, tolerance: 2.048e+03
  model = cd_fast.enet_coordinate_descent(
C:\Users\VENANCIA\OneDrive - VITO\Desktop\hp-capacity-detection\.venv\Lib\site-packages\sklearn\linear_model\_coordinate_descent.py:678: ConvergenceWarning: Objective did not converge. You might want to increase the number of iterations, check the scale of the features or consider increasing regularisation. Duality gap: 2.685e+03, tolerance: 2.056e+03
  model = cd_fast.enet_coordinate_descent(
[ElasticNet]  34.5s  test R2=0.868  WPUQ R2=-6.569  real= 646.3 kW  best={'alpha': 0.0081, 'l1_ratio': 0.9}
[SVR       ]   3.7s  test R2=0.877  WPUQ R2=-2.145  real= 129.2 kW  best={'C': 42.4706, 'epsilon': 0.01, 'gamma': 0.0008}
[XGBoost   ] 464.1s  test R2=0.913  WPUQ R2=0.594  real= 166.3 kW  best={'colsample_bytree': 0.6423, 'eta': 0.0741, 'gamma': 6.7479, 'max_depth': 7.0, 'min_child_weight': 10.0, 'n_estimators': 430.0, 'reg_alpha': 0.5661, 'reg_lambda': 9.3399, 'subsample': 0.5608, 'n_estimators_final': 416}
WARNING:tensorflow:5 out of the last 15 calls to <function TensorFlowTrainer.make_predict_function.<locals>.one_step_on_data_distributed at 0x0000020765E8F920> triggered tf.function retracing. Tracing is expensive and the excessive number of tracings could be due to (1) creating @tf.function repeatedly in a loop, (2) passing tensors with different shapes, (3) passing Python objects instead of tensors. For (1), please define your @tf.function outside of the loop. For (2), @tf.function has reduce_retracing=True option that can avoid unnecessary retracing. For (3), please refer to https://www.tensorflow.org/guide/function#controlling_retracing and https://www.tensorflow.org/api_docs/python/tf/function for  more details.
WARNING:tensorflow:5 out of the last 15 calls to <function TensorFlowTrainer.make_predict_function.<locals>.one_step_on_data_distributed at 0x00000207668DA7A0> triggered tf.function retracing. Tracing is expensive and the excessive number of tracings could be due to (1) creating @tf.function repeatedly in a loop, (2) passing tensors with different shapes, (3) passing Python objects instead of tensors. For (1), please define your @tf.function outside of the loop. For (2), @tf.function has reduce_retracing=True option that can avoid unnecessary retracing. For (3), please refer to https://www.tensorflow.org/guide/function#controlling_retracing and https://www.tensorflow.org/api_docs/python/tf/function for  more details.
[FFNN      ] 289.9s  test R2=0.317  WPUQ R2=-4.053  real= 350.0 kW  best={'arch': (256, 128), 'lr': 0.001, 'l2': 0.0, 'cv_r2': 0.813, 'n_seeds': 3, 'test_r2_std': 0.187}

==============================================================================
HP capacity estimation -- model benchmark (target: robust HP peak, kW)
==============================================================================
model       |        TEST (unseen HH)        |      WPUQ transfer      
-----------------------------------------------------------------------
            |     R2    RMSE    MAE   MAPE |     R2    RMSE   MAPE
XGBoost     |  0.913    55.2   33.7    19% |  0.594    17.1    55%
SVR         |  0.877    65.5   39.2    24% | -2.145    47.7   209%
ElasticNet  |  0.868    67.9   51.4    38% | -6.569    74.0   190%
Lasso       |  0.864    69.0   52.6    38% | -8.768    84.0   214%
Ridge       |  0.861    69.6   51.7    38% | -6.904    75.6   197%
LinearReg   |  0.846    73.4   55.7    49% | -7.407    77.9   223%
FFNN        |  0.317   152.7  109.2    62% | -4.053    59.8   132%
[redirect] write data/capacity_model_benchmark.csv -> results/iter00_baseline/reproduced/capacity_model_benchmark.csv

Saved -> data/capacity_model_benchmark.csv

============================================================
REAL WPUQ feeder -- deploy Swiss-trained models (TRUE 238.5 kW)
============================================================
method             pred kW   err kW  abs %err
----------------------------------------------
XGBoost              166.3    -72.2       30%
baseline:median      145.5    -93.1       39%
SVR                  129.2   -109.3       46%
FFNN                 350.0    111.5       47%
baseline:density     102.4   -136.1       57%
Ridge                645.2    406.7      171%
ElasticNet           646.3    407.8      171%
Lasso                649.2    410.7      172%
LinearReg            969.9    731.4      307%
[redirect] write data/capacity_wpuq_real_feeder.csv -> results/iter00_baseline/reproduced/capacity_wpuq_real_feeder.csv

Saved -> data/capacity_wpuq_real_feeder.csv
