[min/max  ] slope-only:  HP_Peak = 27.4 + 41.8*slope
[min/max  ] slope+base:  coefs slope 32.4, base 0.79, int -31.8
[min/max  ] multivar:    coefs slope 32.6, base 0.78, Tbal 1.98, int -58.4
[mean/mean] slope-only:  HP_Peak = 29.9 + 51.7*slope
[mean/mean] slope+base:  coefs slope 36.3, base 1.73, int -28.3
[mean/mean] multivar:    coefs slope 36.3, base 1.74, Tbal 2.44, int -61.7

====================================================================================
Hockey-stick variants -- transfer comparison (MAPE %, and R2 where n>1)
====================================================================================

Swiss test
  reduction  map                MAPE%      R2
  min/max    slope-only          38.1   0.825
  min/max    slope+base          29.3   0.932
  min/max    slope+base+Tbal     29.5   0.932
  mean/mean  slope-only          42.3   0.910
  mean/mean  slope+base          38.4   0.841
  mean/mean  slope+base+Tbal     39.0   0.840

synthetic WPUQ
  reduction  map                MAPE%      R2
  min/max    slope-only         144.3  -0.169
  min/max    slope+base          73.8   0.115
  min/max    slope+base+Tbal     78.0  -0.049
  mean/mean  slope-only         142.6  -0.196
  mean/mean  slope+base          72.7   0.149
  mean/mean  slope+base+Tbal     72.9   0.094

real WPUQ feeder  (true 239 kW)
  reduction  map                MAPE%      R2  pred kW
  min/max    slope-only           1.9      --  234
  min/max    slope+base          36.5      --  151
  min/max    slope+base+Tbal     38.4      --  147
  mean/mean  slope-only           1.3      --  235
  mean/mean  slope+base          37.2      --  150
  mean/mean  slope+base+Tbal     38.0      --  148
[redirect] write data/hockey_variants_transfer.csv -> results/iter00_baseline/reproduced/hockey_variants_transfer.csv

Saved -> data/hockey_variants_transfer.csv
